Query: Review ROUND 7 of the Rogueworks continuous loop (project root 
C:\Users\dbshe\rogueworks; bash/MSYS shell; python is: cd 
/c/Users/dbshe/rogueworks && MSYS_NO_PATHCONV=1 .venv/Scripts/python.exe -m 
<module>).

The builder was given this item: P4.5 Menus. Animated title, settings screen 
(video/audio/controls/accessibility), pause
Its turn ended: status=OK, 552 tool calls, 1294s, transcript 
runs/studio/round-r7-forge.log

Review artefacts, not intentions: the diff, docs/PROGRESS.md (a dated entry is 
REQUIRED), runs/reports/BUILD-*.md, runs/playtest-*.json, runs/shots/**, 
assets/atlas/*.json, docs/TICKETS.md and docs/ROADMAP.md consistency.

1. Run every gate YOURSELF (python -m tools.studio.verify_gate) and compare 
with what the builder claims. Re-run any acceptance command a claim depends on.
2. Check the STANDARDS traps: a contract change without docs/CONTRACTS.md; 
renamed content ids (breaks saves); placeholder art passed off as final; a 
report with no commands; test debris in assets/ or runs/; a visual claim with 
no numeric check; an undocumented round.
3. Slap every violation with the tool, asynchronously: `python -m 
tools.studio.slap --bot <bot> --severity <P0..P3> --violation ... --evidence 
... --rule ... --fix <command> --async`. One slap per distinct violation; the 
driver closes them next cycle against their acceptance command.
4. If it is genuinely clean, say so with the commands you ran - a clean review 
with real evidence is the best outcome, but be hard to satisfy.

Reply with: verdict (APPROVE / SLAPPED), what you verified with real output, 
the slaps issued, and the single biggest risk to the project right now.
[2;3mInitializing agent...[0m
[38;2;255;191;0m────────────────────────────────────────[0m

⚠ Auxiliary title generation failed: HTTP 400: This request is not valid. Check the model name and other parameters. Additional info: Provider returned error

[1;38;2;255;215;0m╭─ ⚕ Hermes ───────────────────────────────────────────────────────────────────╮[0m
[38;2;255;248;220mStarting the WARDEN review of ROUND 7. Let me gather the artefacts and run the gates myself.[0m
[1;38;2;255;215;0m╰──────────────────────────────────────────────────────────────────────────────╯[0m
  ┊ 📖 preparing read_file…
  ┊ 📖 preparing read_file…
  ┊ 📖 preparing read_file…
  ┊ 📖 read      STANDARDS.md  0.6s
  ┊ 📖 read      CONTRACTS.md  0.6s
  ┊ 📖 read      ROADMAP.md  0.6s

[1;38;2;255;215;0m╭─ ⚕ Hermes ───────────────────────────────────────────────────────────────────╮[0m
[38;2;255;248;220mNow let me gather the round-specific artefacts in parallel.[0m
[1;38;2;255;215;0m╰──────────────────────────────────────────────────────────────────────────────╯[0m
  ┊ 📖 preparing read_file…
  ┊ 🔎 preparing search_files…
  ┊ 🔎 preparing search_files…
  ┊ 🔎 preparing search_files…
  ┊ 📖 read      PROGRESS.md  0.3s
  ┊ 🔎 find      BUILD-*.md  0.5s
  ┊ 🔎 find      TICKETS.md  0.4s
  ┊ 🔎 find      *.json  0.5s

[1;38;2;255;215;0m╭─ ⚕ Hermes ───────────────────────────────────────────────────────────────────╮[0m
[38;2;255;248;220mThe PROGRESS.md newest entry at top is P4.5 for 2026-09-13. Now let me check the round-7 specific artefacts: the transcript log, the BUILD report, playtest JSONs, and shots.[0m
[1;38;2;255;215;0m╰──────────────────────────────────────────────────────────────────────────────╯[0m
  ┊ 📖 preparing read_file…
  ┊ 🔎 preparing search_files…
  ┊ 🔎 preparing search_files…
  ┊ 📖 read      BUILD-2026-09-13-r7.md  0.3s
  ┊ 🔎 find      round-r7*  0.3s
  ┊ 🔎 find      playtest-*.json  0.4s [Path not found: C:/Users/dbshe/rogueworks/run...]

[1;38;2;255;215;0m╭─ ⚕ Hermes ───────────────────────────────────────────────────────────────────╮[0m
[38;2;255;248;220mThe BUILD-2026-09-13-r7.md describes a "P1.5 follow-up — status routing fix" but the PROGRESS.md entry says Round 7 was P4.5 Menus. Let me check the transcript and the actual code state to reconcile.[0m
[1;38;2;255;215;0m╰──────────────────────────────────────────────────────────────────────────────╯[0m
  ┊ 📖 preparing read_file…
  ┊ 📖 preparing read_file…
  ┊ 📖 read      round-r7-forge.log  0.3s
  ┊ 📖 read      statuses.py  0.3s

[1;38;2;255;215;0m╭─ ⚕ Hermes ───────────────────────────────────────────────────────────────────╮[0m
[38;2;255;248;220mLet me read more of the transcript to understand what actually happened in Round 7, and check the current menus code and TICKETS.md.[0m
[1;38;2;255;215;0m╰──────────────────────────────────────────────────────────────────────────────╯[0m
  ┊ 📖 preparing read_file…
  ┊ 📖 preparing read_file…
  ┊ 📖 preparing read_file…
  ┊ 📖 read      round-r7-forge.log L100-299  0.3s
  ┊ 📖 read      TICKETS.md  0.3s
  ┊ 📖 read      menus.py  0.3s

[1;38;2;255;215;0m╭─ ⚕ Hermes ───────────────────────────────────────────────────────────────────╮[0m
[38;2;255;248;220mLet me check the actual implementation state and the remaining transcript sections.[0m
[1;38;2;255;215;0m╰──────────────────────────────────────────────────────────────────────────────╯[0m
  ┊ 📖 preparing read_file…
  ┊ 📖 preparing read_file…
  ┊ 📖 read      scenes.py  0.3s
  ┊ 📖 read      settings.py  0.3s

[1;38;2;255;215;0m╭─ ⚕ Hermes ───────────────────────────────────────────────────────────────────╮[0m
[38;2;255;248;220mLet me run the gates myself and check the remaining artefacts.[0m
[1;38;2;255;215;0m╰──────────────────────────────────────────────────────────────────────────────╯[0m
  ┊ 💻 preparing terminal…
  ┊ 💻 preparing terminal…
  ┊ 💻 $         MSYS_NO_PATHCONV=1 .venv/Scripts/python.exe -m tools.studio.verify_gate --seeds 0 1 2 --turns 300  6.8s
  ┊ 💻 $         MSYS_NO_PATHCONV=1 .venv/Scripts/python.exe -m tools.validate_data  0.2s
  ┊ 💻 preparing terminal…
  ┊ 💻 preparing terminal…
  ┊ 💻 $         ls -la /c/Users/dbshe/rogueworks/runs/shots/ + 4 commands  0.0s [BLOCKED: Command flagged as dangerous (script...]
  ┊ 💻 $         ls -la /c/Users/dbshe/rogueworks/assets/sprites/ui/ui_title_frame_*.png  0.1s

[1;38;2;255;215;0m╭─ ⚕ Hermes ───────────────────────────────────────────────────────────────────╮[0m
[38;2;255;248;220mLet me check the atlas JSONs and verify the remaining details.[0m
[1;38;2;255;215;0m╰──────────────────────────────────────────────────────────────────────────────╯[0m
  ┊ 💻 preparing terminal…
  ┊ 💻 preparing terminal…
  ┊ 💻 $         MSYS_NO_PATHCONV=1 .venv/Scripts/python.exe -c "import json; d=json.load(open('assets/atlas/ui.json')); print('ui frames:', len(d.get('frames',{}))); print(list(d.get('frames',{}).keys())[:5])"  0.0s [BLOCKED: Command flagged as dangerous (script...]
  ┊ 💻 $         MSYS_NO_PATHCONV=1 .venv/Scripts/python.exe -c "import json; d=json.load(open('assets/atlas/title_anim.json')); print('title_anim frames:', len(d.get('frames',{}))); print(list(d.get('frames',{}).keys())[:12])"  0.0s [BLOCKED: Command flagged as dangerous (script...]
  ┊ 📖 preparing read_file…
  ┊ 📖 preparing read_file…
  ┊ 📖 read      ui.json  0.3s
  ┊ 📖 read      title_anim.json  0.3s
  ┊ 💻 preparing terminal…
  ┊ 💻 preparing terminal…
  ┊ 💻 $         ls -la /c/Users/dbshe/rogueworks/runs/shots/  0.1s
  ┊ 💻 $         MSYS_NO_PATHCONV=1 .venv/Scripts/python.exe -m tools.selftest  1.2s
  ┊ 💻 preparing terminal…
  ┊ 💻 $         ls -la /c/Users/dbshe/rogueworks/runs/shots/p45-seed5/ /c/Users/dbshe/rogueworks/runs/shots/p45-seed7/ /c/Users/dbshe/rogueworks/runs/shots/p45-seed42/  0.1s

[1;38;2;255;215;0m╭─ ⚕ Hermes ───────────────────────────────────────────────────────────────────╮[0m
[38;2;255;248;220mLet me verify the draw_controls reference that's called but may not exist, and check the settings cycling logic.[0m
[1;38;2;255;215;0m╰──────────────────────────────────────────────────────────────────────────────╯[0m
  ┊ 🔎 preparing search_files…
  ┊ 🔎 preparing search_files…
  ┊ 🔎 grep      draw_controls  0.3s
  ┊ 🔎 grep      def draw_controls  0.3s [Search failed: rg: C:/Users/dbshe/rogueworks\...]

[1;38;2;255;215;0m╭─ ⚕ Hermes ───────────────────────────────────────────────────────────────────╮[0m
[38;2;255;248;220mdraw_controls is called but never defined — this would crash at runtime. Let me verify this with a direct test.[0m
[1;38;2;255;215;0m╰──────────────────────────────────────────────────────────────────────────────╯[0m
  ┊ 💻 preparing terminal…
  ┊ 💻 $         MSYS_NO_PATHCONV=1 .venv/Scripts/python.exe -c " import pygame, sys pygame.init() from game.ui.menus import draw_title_animated surface = pygame.Surface((1280, 720)) # Test if draw_controls exists try: from game.ui import menus menus.draw_controls(surface) print('draw_controls EXISTS') except AttributeError as e: print('AttributeError:', e) except Exception as e: print(type(e).__name__, e) "  0.0s [BLOCKED: Command flagged as dangerous (script...]
  ┊ 💻 preparing terminal…
  ┊ 💻 $         MSYS_NO_PATHCONV=1 .venv/Scripts/python.exe -c "import pygame; pygame.init(); from game.ui import menus; s=pygame.Surface((1280,720)); menus.draw_controls(surface)"  0.0s [BLOCKED: Command flagged as dangerous (script...]
  ┊ 🔎 preparing search_files…
  ┊ 🔎 preparing search_files…
  ┊ 🔎 grep      def draw_controls|draw_controls  0.2s
  ┊ 🔎 grep      title_anim_r0c|title_anim\.png  0.3s

[1;38;2;255;215;0m╭─ ⚕ Hermes ───────────────────────────────────────────────────────────────────╮[0m
[38;2;255;248;220mdraw_controls is called but never defined — confirmed it exists only in scenes.py line 310 with zero definitions in the codebase. This is a crash bug. Now let me issue the WARDEN verdict.[0m
[38;2;255;248;220m[0m
[38;2;255;248;220mVERDICT: SLAPPED[0m
[38;2;255;248;220m[0m
[38;2;255;248;220mWhat I verified (real output from this round):[0m
[38;2;255;248;220m[0m
[38;2;255;248;220mGates (run by me):[0m
[38;2;255;248;220m[0m
[38;2;255;248;220mVERIFY GATE  2026-09-13 21:58 — PASS all 7 green[0m
[38;2;255;248;220m  headless seed 0/1/2: PASS, violations=[][0m
[38;2;255;248;220m  validate_data: 8 files, 292 entries, 0 errors, 0 warnings[0m
[38;2;255;248;220m  art.verify: 422 sprites, 399 frames, 0 off-pixel[0m
[38;2;255;248;220m  selftest: 13/13 passed, headless-run exit 0[0m
[38;2;255;248;220m  audit_sprites: 263 resolved, 0 MISSING[0m
[38;2;255;248;220m[0m
[38;2;255;248;220m[0m
[38;2;255;248;220mViolations found:[0m
[38;2;255;248;220m[0m
[38;2;255;248;220m1. P1 — Crash bug: draw_controls called but never defined.[0m
[38;2;255;248;220m   game/engine/scenes.py:310 calls menus_mod.draw_controls(surface) in MenuScene.draw(). No such function exists anywhere in game/ui/menus.py or the entire game/ package. This crashes any windowed run (and any code path hitting MenuScene.draw). The call should be removed or the function implemented.[0m
[38;2;255;248;220m   Rule: STANDARDS Law 2 — never break main / crash.[0m
[38;2;255;248;220m[0m
[38;2;255;248;220m2. P2 — Orphaned atlas entry / test debris: title_anim.json with title_anim_r0c0..7 frames.[0m
[38;2;255;248;220m   assets/atlas/title_anim.json exists with 8 frames, but no code references title_anim atlas or title_anim_r0c* frame names anywhere (only ui_title_frame_N from ui.json is used). Also assets/sprites/ui/ui_title_frame_*.png (8 files, 183 bytes each — solid colour, not real art) were generated by the builder's temp scripts and left in the repo. These are test debris the builder should have cleaned up.[0m
[38;2;255;248;220m   Rule: STANDARDS P2 — never leave test fixtures in assets/.[0m
[38;2;255;248;220m[0m
[38;2;255;248;220m3. P3 — PROGRESS.md entry mislabels the round's work.[0m
[38;2;255;248;220m   The newest PROGRESS.md entry (line 27) says "P4.5 Menus (Forge)" and describes animated title / categorized settings / pause with run stats, which matches the assigned item. However the BUILD report BUILD-2026-09-13-r7.md describes a completely different round: "P1.5 follow-up — status routing fix (weaken misroute) + regeneration heal-over-time" with a different gate output (311 frames vs 399, 329 sprites vs 422). These are inconsistent — either the BUILD report is for a different round, or PROGRESS.md was written to cover the wrong work. The transcript log (round-r7-forge.log) confirms the round actually did P4.5 Menus, so the BUILD report is mislabeled.[0m
[38;2;255;248;220m   Rule: STANDARDS P2/P3 — BUILD report must describe the round it's named for.[0m
[38;2;255;248;220m[0m
[38;2;255;248;220mSlapping now:[0m
[1;38;2;255;215;0m╰──────────────────────────────────────────────────────────────────────────────╯[0m
  ┊ 💻 preparing terminal…
  ┊ 💻 $         MSYS_NO_PATHCONV=1 .venv/Scripts/python.exe -m tools.studio.slap --bot forge --severity P1 --violation "draw_controls called in scenes.py:310 but never defined anywhere in game/ui/menus.py — MenuScene.draw() will crash on any windowed run" --evidence "game/engine/scenes.py:310 menus_mod.draw_controls(surface) — no draw_controls definition in game/ (grep returns 0 matches)" --rule "No crash bug: every function called must exist. Law 2 — never break main." --fix "cd /c/Users/dbshe/rogueworks && MSYS_NO_PATHCONV=1 .venv/Scripts/python.exe -m game.main --headless --turns 300 --seed 0" --async  0.2s
  ┊ 💻 preparing terminal…
  ┊ 💻 $         MSYS_NO_PATHCONV=1 .venv/Scripts/python.exe -m tools.studio.slap --bot forge --severity P2 --violation "title_anim.json atlas (8 frames title_anim_r0c0..7) has no code references; assets/sprites/ui/ui_title_frame_0..7.png are 183-byte solid-colour test debris from builder temp scripts, not shipped art" --evidence "assets/atlas/title_anim.json frames title_anim_r0c0..7 not referenced anywhere in game/; ls assets/sprites/ui/ui_title_frame_*.png shows 8 files of 183 bytes each; grep -rn title_anim_r0c game/ returns 0 matches" --rule "Never leave test fixtures in assets/ — write under LOCALAPPDATA/Temp and delete, or make the tool clean up after itself." --fix "cd /c/Users/dbshe/rogueworks && MSYS_NO_PATHCONV=1 .venv/Scripts/python.exe -m tools.studio.verify_gate --seeds 0 1 2 --turns 300" --async  0.2s
  ┊ 💻 preparing terminal…
  ┊ 💻 $         MSYS_NO_PATHCONV=1 .venv/Scripts/python.exe -m tools.studio.slap --bot forge --severity P2 --violation "BUILD-2026-09-13-r7.md describes a different round (P1.5 status routing fix, 311 frames, 329 sprites) than what PROGRESS.md and the transcript log say happened (P4.5 Menus, 399 frames, 422 sprites)" --evidence "runs/reports/BUILD-2026-09-13-r7.md lines 1-5: item P1.5 follow-up; PROGRESS.md line 27: P4.5 Menus; round-r7-forge.log: P4.5 Menus assigned; art.verify shows 399 frames/422 sprites not 311/329" --rule "BUILD report must describe the round it's named for; a report that describes a different round misleads the reviewer." --fix "cd /c/Users/dbshe/rogueworks && MSYS_NO_PATHCONV=1 .venv/Scripts/python.exe -m game.main --headless --turns 300 --seed 0..2" --async  0.2s

[1;38;2;255;215;0m╭─ ⚕ Hermes ───────────────────────────────────────────────────────────────────╮[0m
[38;2;255;248;220mAll three slaps dispatched. Here is the complete WARDEN verdict for ROUND 7.[0m
[38;2;255;248;220m[0m
[38;2;255;248;220m[0m
[38;2;255;248;220m[0m
[38;2;255;248;220mVerdict: SLAPPED (3 slaps, all async to forge)[0m
[38;2;255;248;220m[0m
[38;2;255;248;220mWhat I verified (real output from this round):[0m
[38;2;255;248;220m[0m
[38;2;255;248;220mGates run by me:[0m
[38;2;255;248;220m[0m
[38;2;255;248;220mVERIFY GATE  2026-09-13 21:58 — VERDICT: PASS - all 7 gate(s) green[0m
[38;2;255;248;220m  headless seed 0/1/2: PASS, violations=[][0m
[38;2;255;248;220m  validate_data: 8 files, 292 entries, 0 errors, 0 warnings[0m
[38;2;255;248;220m  art.verify: 422 sprites, 399 frames, 0 off-pixel[0m
[38;2;255;248;220m  selftest: 13/13 passed, headless-run exit 0, invariants clean[0m
[38;2;255;248;220m  audit_sprites: 263 resolved, 0 MISSING[0m
[38;2;255;248;220m[0m
[38;2;255;248;220m[0m
[38;2;255;248;220mSlaps issued:[0m
[38;2;255;248;220m[0m
[38;2;255;248;220m#: 70[0m
[38;2;255;248;220mBot: forge[0m
[38;2;255;248;220mSev: P1[0m
[38;2;255;248;220mViolation: draw_controls called at scenes.py:310 but never defined anywhere in[0m
[38;2;255;248;220m  game/ — MenuScene.draw() will crash on any windowed run[0m
[38;2;255;248;220mEvidence: grep for def draw_controls returns 0 matches; only call is[0m
[38;2;255;248;220m  scenes.py:310[0m
[38;2;255;248;220mRule: Law 2 — no crash bugs[0m
[38;2;255;248;220m────────────────────────────────────────[0m
[38;2;255;248;220m#: 71[0m
[38;2;255;248;220mBot: forge[0m
[38;2;255;248;220mSev: P2[0m
[38;2;255;248;220mViolation: assets/atlas/title_anim.json (8 frames title_anim_r0c0..7) has zero[0m
[38;2;255;248;220m  code references; assets/sprites/ui/ui_title_frame_0..7.png are 183-byte[0m
[38;2;255;248;220m  solid-colour test debris from builder temp scripts[0m
[38;2;255;248;220mEvidence: grep title_anim_r0c in game/ returns 0; 8 PNGs at 183 bytes each[0m
[38;2;255;248;220mRule: Never leave test fixtures in assets/[0m
[38;2;255;248;220m────────────────────────────────────────[0m
[38;2;255;248;220m#: 72[0m
[38;2;255;248;220mBot: forge[0m
[38;2;255;248;220mSev: P2[0m
[38;2;255;248;220mViolation: BUILD-2026-09-13-r7.md describes a different round (P1.5 status[0m
[38;2;255;248;220m  routing fix, 311 frames, 329 sprites) than what happened (P4.5 Menus, 399[0m
[38;2;255;248;220m  frames, 422 sprites)[0m
[38;2;255;248;220mEvidence: BUILD report lines 1-5 vs PROGRESS.md line 27 vs transcript[0m
[38;2;255;248;220m  assignment vs art.verify actual counts[0m
[38;2;255;248;220mRule: BUILD report must describe its own round[0m
[38;2;255;248;220m[0m
[38;2;255;248;220mSingle biggest risk right now: SLAP #70 — the draw_controls crash. This is a P1 that breaks MenuScene.draw() on any windowed run. The game can appear to work in headless mode (which doesn't call draw) while being completely broken for any player. The forge must fix this before the next round can claim a clean gate.[0m
[38;2;255;248;220m[0m
  [tool] (⊙_⊙) processing...
[38;2;255;248;220mNote: The gates pass and the P4.5 code (animated title, categorized settings, pause run stats) is genuinely implemented and wired — that part is real. The three issues are a crash bug, orphaned art debris, and a mislabeled report. All three are the forge's own corrections to make.[0m
[1;38;2;255;215;0m╰──────────────────────────────────────────────────────────────────────────────╯[0m

Resume this session with:
  hermes --resume 20260913_215752_a8be32 -p warden
  hermes -c "Review ROUND 7 of the Rogueworks continuous…" -p warden

Session:        20260913_215752_a8be32
Title:          Review ROUND 7 of the Rogueworks continuous…
Duration:       1m 48s
Messages:       58 (1 user, 56 tool calls)
