Query: ROUND 5 of the continuous Rogueworks loop. Project root: 
C:\Users\dbshe\rogueworks (bash/MSYS shell; python is: cd 
/c/Users/dbshe/rogueworks && MSYS_NO_PATHCONV=1 .venv/Scripts/python.exe -m 
<module>).

PRE-FLIGHT GATES (just run by the driver):
  headless seed 0                    PASS     1.2s  ok=True violations=[]
  tools.validate_data                PASS     0.1s  game/data/rooms.json: 45 
entries, ok | game/data/statuses.json: 21 entries, ok | PASS: 9 file(s), 299 
entries, 0 error(s), 0 warning(s)
  tools.art.verify                   PASS     0.5s  verify: palette 'vaelmoor' 
v1 (26 colours), tolerance 0 | sprites checked: 414 in 2 dir(s) | atlases: 8 
(391 frames) | aliases: 39 | PASS: 414 sprite file(s), 391 frame(s), 0 
off-palette pixel(s)
  tools.selftest                     PASS     6.2s  [PASS] glyph-coverage      
69 glyph(s) defined, all renderable | 19 checks: 19 passed, 0 skipped, 0 failed
| OK: no failures
  tools.studio.audit_sprites         PASS     0.5s  audit_sprites: 263 sprite 
name(s) referenced by content | resolved: 263 | MISSING : 0
VERDICT: PASS - all 5 gate(s) green

OPEN SLAPS: SLAP #84 on forge (level 1, STILL OPEN): PROGRESS.md 
self-contradicts itself: the new P4.8 entry at line 3 marks P4.8 DONE, but the 
older entry at lines 155-158 (from the P4.7 round) still says 'P4.7/P4.8 stay 
open'. An append-only log must not carry stale conflicting state.; SLAP #85 on 
forge (level 1, STILL OPEN): BUILD-2026-09-14.md claims 'All 5 pre-flight gates
green' but verify_gate now has 7 gates (added selftest + audit_sprites after 
this round). The report describes a 5-gate pass when the tool actually runs 7.

THIS ROUND'S ITEM: P5.4 Test depth. Golden-seed regression suite (a fixed set 
of seeds asserting layout

Do it, and be strict with yourself:
1. Done means: the item implemented, the gates re-run AFTER your last edit, and
their real output pasted in your reply. `python -m tools.studio.verify_gate` 
must be green (or the red must be a genuine art-content gap with a ticket).
2. QA it with real evidence: 3+ seeds headless, `--shot` frames, and a numeric 
check behind any visual claim. Audit individual frames, never a contact sheet.
3. Document it: tick the item in docs/ROADMAP.md, update docs/TICKETS.md, 
PREPEND a dated entry to docs/PROGRESS.md, write runs/reports/BUILD-<date>.md. 
An undocumented round did not happen - the reviewer will slap you for it.
4. Delegate to chip (code), pixel (art), lore (data), lens (verification) when 
the work is broad; give each child paths, the frozen contracts in 
docs/CONTRACTS.md, and an acceptance command. If a worker's work is 
substandard, slap it yourself with `python -m tools.studio.slap --bot <bot> 
--severity <P0..P3> --violation ... --evidence ... --rule ... --fix <command> 
--async`.
5. No paid model, no paid image API - ever.

Reply with: the item, the files changed, the exact commands and real output, 
the QA verdict, and the next item you would take.
[2;3mInitializing agent...[0m
[38;2;255;191;0m────────────────────────────────────────[0m

⚠ Auxiliary title generation failed: HTTP 400: This request is not valid. Check the model name and other parameters. Additional info: Provider returned error

[1;38;2;255;215;0m╭─ ⚕ Hermes ───────────────────────────────────────────────────────────────────╮[0m
[38;2;255;248;220mRound 5, P5.4 — golden-seed regression suite. Let me read the state first[0m
[1;38;2;255;215;0m╰──────────────────────────────────────────────────────────────────────────────╯[0m
  ┊ 📚 preparing skill_view…
  ┊ 📖 preparing read_file…
  ┊ 📖 preparing read_file…
  ┊ 📖 preparing read_file…
  ┊ 📚 skill     roguelite-game-factory  0.0s
  ┊ 📖 read      ROADMAP.md  0.9s
  ┊ 📖 read      TICKETS.md  0.9s
  ┊ 📖 read      PROGRESS.md  0.9s

[1;38;2;255;215;0m╭─ ⚕ Hermes ───────────────────────────────────────────────────────────────────╮[0m
[38;2;255;248;220mNow let me look at the existing test infrastructure, procgen, and data files to understand what I'm building on.[0m
[1;38;2;255;215;0m╰──────────────────────────────────────────────────────────────────────────────╯[0m
  ┊ 📖 preparing read_file…
  ┊ 📖 preparing read_file…
  ┊ 🔎 preparing search_files…
  ┊ 📖 preparing read_file…
  ┊ 📖 read      CONTRACTS.md  0.4s
  ┊ 📖 read      STANDARDS.md  0.4s
  ┊ 🔎 find      tools/qa/.*\.py  0.6s
  ┊ 📖 read      procgen.py  0.4s

[1;38;2;255;215;0m╭─ ⚕ Hermes ───────────────────────────────────────────────────────────────────╮[0m
[38;2;255;248;220mNow let me check the verify_gate tool, existing QA infrastructure, and the current state of P5.4 items[0m
[1;38;2;255;215;0m╰──────────────────────────────────────────────────────────────────────────────╯[0m
  ┊ 📖 preparing read_file…
  ┊ 📖 preparing read_file…
  ┊ 📖 preparing read_file…
  ┊ 🔎 preparing search_files…
  ┊ 📖 read      verify_gate.py  0.4s
  ┊ 📖 read      attr_audit.py  0.4s
  ┊ 📖 read      procgen.py L100-199  0.3s
  ┊ 🔎 find      .*\.py$  0.3s
  ┊ 🔎 preparing search_files…
  ┊ 📖 preparing read_file…
  ┊ 📖 preparing read_file…
  ┊ 🔎 find      tools/qa/*.py  0.4s
  ┊ 📖 read      procgen.py L800-899  0.4s
  ┊ 📖 read      rooms.json  0.4s

[1;38;2;255;215;0m╭─ ⚕ Hermes ───────────────────────────────────────────────────────────────────╮[0m
[38;2;255;248;220mI have the full picture now. Let me look at the data files and existing tools to understand the golden-seed regression requirements, then build it[0m
[1;38;2;255;215;0m╰──────────────────────────────────────────────────────────────────────────────╯[0m
  ┊ 📖 preparing read_file…
  ┊ 📖 preparing read_file…
  ┊ 📖 preparing read_file…
  ┊ 📖 preparing read_file…
  ┊ 📖 read      statuses.json  0.4s
  ┊ 📖 read      items.json  0.4s
  ┊ 📖 read      monsters.json  0.4s
  ┊ 📖 read      biomes.json  0.4s

[1;38;2;255;215;0m╭─ ⚕ Hermes ───────────────────────────────────────────────────────────────────╮[0m
[38;2;255;248;220mNow I have a clear picture. Let me check the Content class and selftest structure to understand how to wire in the regression[0m
[1;38;2;255;215;0m╰──────────────────────────────────────────────────────────────────────────────╯[0m
  ┊ 📖 preparing read_file…
  ┊ 📖 preparing read_file…
  ┊ 📖 preparing read_file…
  ┊ 📖 read      data.py  0.3s
  ┊ 📖 read      selftest.py  0.3s
  ┊ 📖 read      acceptance.py  0.4s
  ┊ 📖 preparing read_file…
  ┊ 📖 preparing read_file…
  ┊ 📖 preparing read_file…
  ┊ 📖 read      selftest.py L121-200  0.3s
  ┊ 📖 read      data.py L540-619  0.4s
  ┊ 📖 read      autopilot.py  0.4s

[1;38;2;255;215;0m╭─ ⚕ Hermes ───────────────────────────────────────────────────────────────────╮[0m
[38;2;255;248;220mI have enough context now. The key issue is SLAP #85 — BUILD-2026-09-14.md says "All 5 pre-flight gates green" but verify_gate now runs 7 gates. And P5.4 — the golden-seed regression suite is the current item. Let me implement P5.4 and fix both documentation issues.[0m
[38;2;255;248;220m[0m
[38;2;255;248;220mFirst, let me look at the existing tools/qa/ directory and check what's already there, then build the regression suite[0m
[1;38;2;255;215;0m╰──────────────────────────────────────────────────────────────────────────────╯[0m
  ┊ 📖 preparing read_file…
  ┊ 📖 preparing read_file…
  ┊ 💻 preparing terminal…
  ┊ 📖 read      __init__.py  0.3s
  ┊ 📖 read      __init__.py  0.3s
  ┊ 💻 $         ls -la /c/Users/dbshe/rogueworks/tools/qa/*.py + 1 command  0.2s
  ┊ 📖 preparing read_file…
  ┊ 📖 preparing read_file…
  ┊ 📖 preparing read_file…
  ┊ 📖 read      affixes.json  0.4s
  ┊ 📖 read      flavor.json  0.4s
  ┊ 📖 read      loot.py  0.4s

[1;38;2;255;215;0m╭─ ⚕ Hermes ───────────────────────────────────────────────────────────────────╮[0m
[38;2;255;248;220mNow I have enough to build the golden-seed regression suite. Let me implement it[0m
[1;38;2;255;215;0m╰──────────────────────────────────────────────────────────────────────────────╯[0m
  ┊ 📖 preparing read_file…
  ┊ 📖 read      spawn.py  0.3s
  ┊ 📖 preparing read_file…
  ┊ 📖 read      spawn.py L40-119  0.4s
  ┊ 📖 preparing read_file…
  ┊ 📖 read      spawn.py L200-279  0.3s
  ┊ 📖 preparing read_file…
  ┊ 📖 read      spawn.py L280-379  0.3s
  ┊ 📖 preparing read_file…
  ┊ 📖 read      spawn.py L120-239  0.3s

[1;38;2;255;215;0m╭─ ⚕ Hermes ───────────────────────────────────────────────────────────────────╮[0m
[38;2;255;248;220mI have a thorough understanding now. Let me build the golden-seed regression suite. I'll create tools/qa/regression.py and wire it into tools.selftest. Let me also fix SLAP #85 (BUILD report says 5 gates, verify_gate has 7).[0m
[1;38;2;255;215;0m╰──────────────────────────────────────────────────────────────────────────────╯[0m
  ┊ 💻 preparing terminal…
  ┊ 💻 $         MSYS_NO_PATHCONV=1 .venv/Scripts/python.exe -m game.main --headless --turns 300 --seed 0 --log /tmp/regress-probe.json + 1 command  0.0s [BLOCKED: Command flagged as dangerous (script...]
  ┊ 💻 preparing terminal…
  ┊ 💻 $         MSYS_NO_PATHCONV=1 .venv/Scripts/python.exe -m game.main --headless --turns 300 --seed 0 --log /tmp/regress-probe.json  2.0s
  ┊ 💻 preparing terminal…
  ┊ 💻 $         MSYS_NO_PATHCONV=1 .venv/Scripts/python.exe -c "import json; d=json.load(open('/tmp/regress-probe.json')); print('ok=',d['ok'],'violations=',d['invariants']['violations'],'floor=',d['floor'],'biome=',d['biome'],'ticks=',d['ticks'],'player_hp=',d['player']['hp'],'kills=',d['player']['kills'])"  0.0s [BLOCKED: Command flagged as dangerous (script...]
  ┊ 💻 preparing terminal…
  ┊ 💻 $         cat /tmp/regress-probe.json | MSYS_NO_PATHCONV=1 .venv/Scripts/python.exe tools/qa/acceptance.py  6.6s
  ┊ 🐍 preparing execute_code…
  ┊ 🐍 exec      import json  0.0s [BLOCKED: execute_code runs arbitrary local Py...]
  ┊ 📖 preparing read_file…
  ┊ 📖 read      playtest-0.json  0.3s
  ┊ 📖 preparing read_file…
  ┊ 📖 read      playtest-0.json L30-55  0.3s
  ┊ 📖 preparing read_file…
  ┊ 📖 read      loot.py  0.3s
  ┊ 📖 preparing read_file…
  ┊ 📖 read      loot.py L80-179  0.3s

[1;38;2;255;215;0m╭─ ⚕ Hermes ───────────────────────────────────────────────────────────────────╮[0m
[38;2;255;248;220mNow I have everything I need. Let me build the golden-seed regression suite[0m
[1;38;2;255;215;0m╰──────────────────────────────────────────────────────────────────────────────╯[0m
  ┊ ✍️ preparing write_file…
  ┊ ✍️  write     C:/Users/dbshe/rogueworks/tools/qa/regression.py  5.3s
  ┊ review diff
[38;2;218;165;32ma/tools\qa\regression.py → b/tools\qa\regression.py[0m
[38;2;139;134;130m@@ -0,0 +1,335 @@[0m
[38;2;255;255;255;48;2;19;87;20m+"""Golden-seed regression suite: deterministic layout hashes, stair fuzz, balance.[0m
[38;2;255;255;255;48;2;19;87;20m+[0m
[38;2;255;255;255;48;2;19;87;20m+    python -m tools.qa.regression [--seeds 0 1 2 3 4 5 6 7] [--turns 300][0m
[38;2;255;255;255;48;2;19;87;20m+[0m
[38;2;255;255;255;48;2;19;87;20m+Three families of assertions, all derived from the game's own JSON summary[0m
[38;2;255;255;255;48;2;19;87;20m+(docs/CONTRACTS.md §3.1):[0m
[38;2;255;255;255;48;2;19;87;20m+[0m
[38;2;255;255;255;48;2;19;87;20m+1. **Golden seeds** — the layout hash (world.{level_w,level_h,rooms,monsters,[0m
[38;2;255;255;255;48;2;19;87;20m+   pickups,projectiles}) must be identical for a given seed across repeated runs.[0m
[38;2;255;255;255;48;2;19;87;20m+   This makes procgen changes deliberate: if the hash moves, something changed.[0m
[38;2;255;255;255;48;2;19;87;20m+[0m
[38;2;255;255;255;48;2;19;87;20m+2. **Stair reachability fuzz** — for every generated seed, the stairs tile must[0m
[38;2;255;255;255;48;2;19;87;20m+   exist, be reachable from the player start via BFS on walkable tiles, and no[0m
[38;2;255;255;255;48;2;19;87;20m+   two rooms may claim the same stairs position.  Unreachable stairs = soft-lock,[0m
[38;2;255;255;255;48;2;19;87;20m+   which is a P0.[0m
[38;2;255;255;255;48;2;19;87;20m+[0m
[38;2;255;255;255;48;2;19;87;20m+3. **Balance assertions** — no item at a given tier may strictly dominate another[0m
[38;2;255;255;255;48;2;19;87;20m+   item at the same tier on every relevant stat (damage + armor + crit).  A[0m
[38;2;255;255;255;48;2;19;87;20m+   strictly-dominant item makes the other unselectable, which is a balance bug.[0m
[38;2;255;255;255;48;2;19;87;20m+[0m
[38;2;255;255;255;48;2;19;87;20m+Exit status[0m
[38;2;255;255;255;48;2;19;87;20m+[0m
[38;2;255;255;255;48;2;19;87;20m+* **0** — every golden seed matches its stored hash, all stairs are reachable,[0m
[38;2;255;255;255;48;2;19;87;20m+  no balance violations;[0m
[38;2;255;255;255;48;2;19;87;20m+* **1** — at least one assertion failed (details below);[0m
[38;2;255;255;255;48;2;19;87;20m+* **2** — the game package is not built yet / a seed run crashed.[0m
[38;2;255;255;255;48;2;19;87;20m+[0m
[38;2;255;255;255;48;2;19;87;20m+"""[0m
[38;2;255;255;255;48;2;19;87;20m+from __future__ import annotations[0m
[38;2;255;255;255;48;2;19;87;20m+[0m
[38;2;255;255;255;48;2;19;87;20m+import argparse[0m
[38;2;255;255;255;48;2;19;87;20m+import hashlib[0m
[38;2;255;255;255;48;2;19;87;20m+import json[0m
[38;2;255;255;255;48;2;19;87;20m+import os[0m
[38;2;255;255;255;48;2;19;87;20m+import subprocess[0m
[38;2;255;255;255;48;2;19;87;20m+import sys[0m
[38;2;255;255;255;48;2;19;87;20m+from collections import defaultdict[0m
[38;2;255;255;255;48;2;19;87;20m+from pathlib import Path[0m
[38;2;255;255;255;48;2;19;87;20m+[0m
[38;2;255;255;255;48;2;19;87;20m+PROJECT_ROOT = Path(__file__).resolve().parents[2][0m
[38;2;255;255;255;48;2;19;87;20m+PY = str(PROJECT_ROOT / ".venv" / "Scripts" / "python.exe")[0m
[38;2;255;255;255;48;2;19;87;20m+[0m
[38;2;255;255;255;48;2;19;87;20m+PASS, FAIL, SKIP = "PASS", "FAIL", "SKIP"[0m
[38;2;255;255;255;48;2;19;87;20m+[0m
[38;2;255;255;255;48;2;19;87;20m+[0m
[38;2;255;255;255;48;2;19;87;20m+def run_cli(args: list[str], timeout: int = 900) -> tuple[int, str]:[0m
[38;2;255;255;255;48;2;19;87;20m+    env = dict(os.environ)[0m
[38;2;255;255;255;48;2;19;87;20m+    env["MSYS_NO_PATHCONV"] = "1"[0m
[38;2;255;255;255;48;2;19;87;20m+    env["SDL_VIDEODRIVER"] = "dummy"[0m
[38;2;255;255;255;48;2;19;87;20m+    env["SDL_AUDIODRIVER"] = "dummy"[0m
[38;2;255;255;255;48;2;19;87;20m+    env.setdefault("PYGAME_HIDE_SUPPORT_PROMPT", "1")[0m
[38;2;255;255;255;48;2;19;87;20m+    proc = subprocess.run([0m
[38;2;255;255;255;48;2;19;87;20m+        [PY, "-m", "game.main"] + args,[0m
[38;2;255;255;255;48;2;19;87;20m+        cwd=str(PROJECT_ROOT), capture_output=True, text=True,[0m
[38;2;255;255;255;48;2;19;87;20m+        timeout=timeout, env=env,[0m
[38;2;255;255;255;48;2;19;87;20m+    )[0m
[38;2;255;255;255;48;2;19;87;20m+    return proc.returncode, proc.stdout + proc.stderr[0m
[38;2;255;255;255;48;2;19;87;20m+[0m
[38;2;255;255;255;48;2;19;87;20m+[0m
[38;2;255;255;255;48;2;19;87;20m+def load_summary(seed: int) -> dict | None:[0m
[38;2;255;255;255;48;2;19;87;20m+    path = PROJECT_ROOT / "runs" / f"playtest-{seed}.json"[0m
[38;2;255;255;255;48;2;19;87;20m+    if not path.is_file():[0m
[38;2;255;255;255;48;2;19;87;20m+        return None[0m
[38;2;255;255;255;48;2;19;87;20m+    try:[0m
[38;2;255;255;255;48;2;19;87;20m+        return json.loads(path.read_text(encoding="utf-8"))[0m
[38;2;255;255;255;48;2;19;87;20m+    except (OSError, json.JSONDecodeError):[0m
[38;2;255;255;255;48;2;19;87;20m+        return None[0m
[38;2;255;255;255;48;2;19;87;20m+[0m
[38;2;255;255;255;48;2;19;87;20m+[0m
[38;2;255;255;255;48;2;19;87;20m+def run_seed(seed: int, turns: int) -> tuple[int, dict | None, str]:[0m
[38;2;255;255;255;48;2;19;87;20m+    """Run a seed headless and return (exit_code, summary, error_detail)."""[0m
[38;2;255;255;255;48;2;19;87;20m+    log_path = PROJECT_ROOT / "runs" / f"playtest-{seed}.json"[0m
[38;2;255;255;255;48;2;19;87;20m+    rc, out = run_cli([[0m
[38;2;255;255;255;48;2;19;87;20m+        "--headless", "--turns", str(turns), "--seed", str(seed),[0m
[38;2;255;255;255;48;2;19;87;20m+        "--log", str(log_path), "--new-run",[0m
[38;2;255;255;255;48;2;19;87;20m+    ])[0m
[38;2;255;255;255;48;2;19;87;20m+    if rc != 0:[0m
[38;2;255;255;255;48;2;19;87;20m+        tail = "\n".join(out.splitlines()[-5:]) if out else "no output"[0m
[38;2;139;134;130m… omitted 257 diff line(s) across 1 additional file(s)/section(s)[0m
  ┊ 📖 preparing read_file…
  ┊ 📖 read      __init__.py  0.3s
  ┊ 🔧 preparing patch…
  ┊ 🔧 patch     C:/Users/dbshe/rogueworks/tools/qa/__init__.py  4.3s
  ┊ review diff
[38;2;218;165;32ma/C:\Users\dbshe\rogueworks\tools\qa\__init__.py → b/C:\Users\dbshe\rogueworks\tools\qa\__init__.py[0m
[38;2;139;134;130m@@ -11,4 +11,4 @@[0m
[38;2;184;134;11m     python -m tools.qa.scripted_run --seed 1 --turns 300[0m
[38;2;184;134;11m """[0m
[38;2;184;134;11m [0m
[38;2;255;255;255;48;2;119;20;20m-__all__ = ["shot", "scripted_run"][0m
[38;2;255;255;255;48;2;19;87;20m+__all__ = ["shot", "scripted_run", "regression"][0m
  ┊ 📖 preparing read_file…
  ┊ 📖 read      selftest.py L200-279  0.3s
  ┊ 📖 preparing read_file…
  ┊ 📖 read      selftest.py L280-339  0.3s
  ┊ 📖 preparing read_file…
  ┊ 📖 read      selftest.py L340-399  0.3s
  ┊ 📖 preparing read_file…
  ┊ 📖 read      selftest.py L400-494  0.3s

[1;38;2;255;215;0m╭─ ⚕ Hermes ───────────────────────────────────────────────────────────────────╮[0m
[38;2;255;248;220mNow I can see where to wire in the regression check. Let me add it to selftest.[0m
[1;38;2;255;215;0m╰──────────────────────────────────────────────────────────────────────────────╯[0m
  ┊ 🔧 preparing patch…
  ┊ 🔧 patch     C:/Users/dbshe/rogueworks/tools/selftest.py  5.1s
  ┊ review diff
[38;2;218;165;32ma/C:\Users\dbshe\rogueworks\tools\selftest.py → b/C:\Users\dbshe\rogueworks\tools\selftest.py[0m
[38;2;139;134;130m@@ -458,6 +458,13 @@[0m
[38;2;184;134;11m         tag, detail = check_glyph_coverage(root, args.python)[0m
[38;2;184;134;11m         h.record(tag, "glyph-coverage", detail)[0m
[38;2;184;134;11m [0m
[38;2;255;255;255;48;2;19;87;20m+    # -- golden-seed regression ------------------------------------------- #[0m
[38;2;255;255;255;48;2;19;87;20m+    if not game_built:[0m
[38;2;255;255;255;48;2;19;87;20m+        h.record(SKIP, "golden-seed-regression", "game package not built yet")[0m
[38;2;255;255;255;48;2;19;87;20m+    else:[0m
[38;2;255;255;255;48;2;19;87;20m+        tag, detail = check_regression(root, args.python, int(args.seed))[0m
[38;2;255;255;255;48;2;19;87;20m+        h.record(tag, "golden-seed-regression", detail)[0m
[38;2;255;255;255;48;2;19;87;20m+[0m
[38;2;184;134;11m     counts = h.counts()[0m
[38;2;184;134;11m     if args.as_json:[0m
[38;2;184;134;11m         print(json.dumps({[0m

[1;38;2;255;215;0m╭─ ⚕ Hermes ───────────────────────────────────────────────────────────────────╮[0m
[38;2;255;248;220mNow I need to add the check_regression function to selftest.py. Let me add it before the entry[0m
[1;38;2;255;215;0m╰──────────────────────────────────────────────────────────────────────────────╯[0m
  ┊ 🔧 preparing patch…
  ┊ 🔧 patch     C:/Users/dbshe/rogueworks/tools/selftest.py  4.0s
  ┊ review diff
[38;2;218;165;32ma/C:\Users\dbshe\rogueworks\tools\selftest.py → b/C:\Users\dbshe\rogueworks\tools\selftest.py[0m
[38;2;139;134;130m@@ -287,6 +287,18 @@[0m
[38;2;184;134;11m                      report.get("mean_luminance", 0)))[0m
[38;2;184;134;11m [0m
[38;2;184;134;11m [0m
[38;2;255;255;255;48;2;19;87;20m+def check_regression(root: Path, python: str, seed: int) -> tuple[str, str]:[0m
[38;2;255;255;255;48;2;19;87;20m+    """Golden-seed layout-hash stability, stair reachability, balance."""[0m
[38;2;255;255;255;48;2;19;87;20m+    report, err = _run_tool(root, python, "tools.qa.regression", timeout=1200)[0m
[38;2;255;255;255;48;2;19;87;20m+    if report is None:[0m
[38;2;255;255;255;48;2;19;87;20m+        return FAIL, err or "regression tool unavailable"[0m
[38;2;255;255;255;48;2;19;87;20m+    if not report.get("ok", True):[0m
[38;2;255;255;255;48;2;19;87;20m+        fails = [c for c in report.get("checks", []) if c.get("status") == FAIL][0m
[38;2;255;255;255;48;2;19;87;20m+        first = fails[0] if fails else {}[0m
[38;2;255;255;255;48;2;19;87;20m+        return FAIL, f"{len(fails)} regression check(s) red, first: {first.get('check','')} - {first.get('detail','')}"[0m
[38;2;255;255;255;48;2;19;87;20m+    return PASS, f"golden-seed layout hash stable, stairs reachable, no balance violations"[0m
[38;2;255;255;255;48;2;19;87;20m+[0m
[38;2;255;255;255;48;2;19;87;20m+[0m
[38;2;184;134;11m # --------------------------------------------------------------------------- #[0m
[38;2;184;134;11m # entry point[0m
[38;2;184;134;11m # --------------------------------------------------------------------------- #[0m
  ┊ 📖 preparing read_file…
  ┊ 📖 read      _util.py  0.3s
  ┊ 📖 preparing read_file…
  ┊ 📖 read      _util.py L40-89  0.3s
  ┊ 📖 preparing read_file…
  ┊ 📖 read      _util.py L89-168  0.3s
  ┊ 📖 preparing read_file…
  ┊ 📖 read      _util.py L169-298  0.3s
  ┊ 🔧 preparing patch…
  ┊ 🔧 patch     C:/Users/dbshe/rogueworks/tools/_util.py  3.4s [Could not find a match for old_string in the ...]
  ┊ 🔧 preparing patch…
  ┊ 🔧 patch     C:/Users/dbshe/rogueworks/tools/_util.py  1.0s [Could not find a match for old_string in the ...]
  ┊ 📖 preparing read_file…
  ┊ 📖 read      _util.py L294-303  0.3s
  ┊ 🔧 preparing patch…
  ┊ 🔧 patch     C:/Users/dbshe/rogueworks/tools/_util.py  4.2s
  ┊ review diff
[38;2;218;165;32ma/C:\Users\dbshe\rogueworks\tools\_util.py → b/C:\Users\dbshe\rogueworks\tools\_util.py[0m
[38;2;139;134;130m@@ -296,3 +296,25 @@[0m
[38;2;184;134;11m def cli(fn):[0m
[38;2;184;134;11m     """Decorator for a module entry point: ``sys.exit(guard(main)())``."""[0m
[38;2;184;134;11m     return guard(fn)[0m
[38;2;255;255;255;48;2;19;87;20m+[0m
[38;2;255;255;255;48;2;19;87;20m+[0m
[38;2;255;255;255;48;2;19;87;20m+def run_tool_subprocess(python: str, module: str, root: Path, timeout: int = 300) -> tuple[dict | None, str]:[0m
[38;2;255;255;255;48;2;19;87;20m+    """Run a tools.* module as a subprocess, return (report_dict_or_None, error_detail)."""[0m
[38;2;255;255;255;48;2;19;87;20m+    cmd = [python, "-m", module, "--json"][0m
[38;2;255;255;255;48;2;19;87;20m+    try:[0m
[38;2;255;255;255;48;2;19;87;20m+        env = {**os.environ, "MSYS_NO_PATHCONV": "1",[0m
[38;2;255;255;255;48;2;19;87;20m+               "SDL_VIDEODRIVER": "dummy", "SDL_AUDIODRIVER": "dummy"}[0m
[38;2;255;255;255;48;2;19;87;20m+        proc = subprocess.run(cmd, cwd=str(root), capture_output=True, text=True,[0m
[38;2;255;255;255;48;2;19;87;20m+                               timeout=timeout, env=env)[0m
[38;2;255;255;255;48;2;19;87;20m+    except subprocess.TimeoutExpired:[0m
[38;2;255;255;255;48;2;19;87;20m+        return None, f"{module} timed out after {timeout}s"[0m
[38;2;255;255;255;48;2;19;87;20m+    except OSError as exc:[0m
[38;2;255;255;255;48;2;19;87;20m+        return None, f"cannot launch {module}: {exc}"[0m
[38;2;255;255;255;48;2;19;87;20m+    for line in reversed((proc.stdout or "").splitlines()):[0m
[38;2;255;255;255;48;2;19;87;20m+        if line.strip().startswith("{"):[0m
[38;2;255;255;255;48;2;19;87;20m+            try:[0m
[38;2;255;255;255;48;2;19;87;20m+                return json.loads(line), ""[0m
[38;2;255;255;255;48;2;19;87;20m+            except json.JSONDecodeError:[0m
[38;2;255;255;255;48;2;19;87;20m+                break[0m
[38;2;255;255;255;48;2;19;87;20m+    tail = (proc.stderr or proc.stdout or "").strip().splitlines()[0m
[38;2;255;255;255;48;2;19;87;20m+    return None, f"{module} exited {proc.returncode}: {tail[-1] if tail else 'no output'}"[0m

[1;38;2;255;215;0m╭─ ⚕ Hermes ───────────────────────────────────────────────────────────────────╮[0m
[38;2;255;248;220mNow I need to update _run_tool in selftest.py to use the shared helper, and simplify check_regression:[0m
[1;38;2;255;215;0m╰──────────────────────────────────────────────────────────────────────────────╯[0m
  ┊ 🔧 preparing patch…
  ┊ 🔧 patch     C:/Users/dbshe/rogueworks/tools/selftest.py  4.3s
  ┊ review diff
[38;2;218;165;32ma/C:\Users\dbshe\rogueworks\tools\selftest.py → b/C:\Users\dbshe\rogueworks\tools\selftest.py[0m
[38;2;139;134;130m@@ -178,22 +178,7 @@[0m
[38;2;184;134;11m [0m
[38;2;184;134;11m def _run_tool(root: Path, python: str, module: str, timeout: int = 300) -> tuple[dict | None, str]:[0m
[38;2;184;134;11m     """Run a JSON-reporting tools.* command; return (report, error detail)."""[0m
[38;2;255;255;255;48;2;119;20;20m-    cmd = [python, "-m", module, "--json"][0m
[38;2;255;255;255;48;2;119;20;20m-    try:[0m
[38;2;255;255;255;48;2;119;20;20m-        proc = subprocess.run(cmd, cwd=str(root), capture_output=True, text=True,[0m
[38;2;255;255;255;48;2;119;20;20m-                              timeout=timeout, env=_child_env())[0m
[38;2;255;255;255;48;2;119;20;20m-    except subprocess.TimeoutExpired:[0m
[38;2;255;255;255;48;2;119;20;20m-        return None, f"{module} timed out after {timeout}s"[0m
[38;2;255;255;255;48;2;119;20;20m-    except OSError as exc:[0m
[38;2;255;255;255;48;2;119;20;20m-        return None, f"cannot launch {module}: {exc}"[0m
[38;2;255;255;255;48;2;119;20;20m-    for line in reversed((proc.stdout or "").splitlines()):[0m
[38;2;255;255;255;48;2;119;20;20m-        if line.strip().startswith("{"):[0m
[38;2;255;255;255;48;2;119;20;20m-            try:[0m
[38;2;255;255;255;48;2;119;20;20m-                return json.loads(_last_json(proc.stdout)), ""[0m
[38;2;255;255;255;48;2;119;20;20m-            except json.JSONDecodeError:[0m
[38;2;255;255;255;48;2;119;20;20m-                break[0m
[38;2;255;255;255;48;2;119;20;20m-    tail = (proc.stderr or proc.stdout or "").strip().splitlines()[0m
[38;2;255;255;255;48;2;119;20;20m-    return None, f"{module} exited {proc.returncode}: {tail[-1] if tail else 'no output'}"[0m
[38;2;255;255;255;48;2;19;87;20m+    return _util.run_tool_subprocess(python, module, root, timeout)[0m
[38;2;184;134;11m [0m
[38;2;184;134;11m [0m
[38;2;184;134;11m def check_glyph_coverage(root: Path, python: str) -> tuple[str, str]:[0m
  ┊ 🔧 preparing patch…
  ┊ 🔧 patch     C:/Users/dbshe/rogueworks/tools/selftest.py  6.8s
  ┊ review diff
[38;2;218;165;32ma/C:\Users\dbshe\rogueworks\tools\selftest.py → b/C:\Users\dbshe\rogueworks\tools\selftest.py[0m
[38;2;139;134;130m@@ -281,7 +281,7 @@[0m
[38;2;184;134;11m         fails = [c for c in report.get("checks", []) if c.get("status") == FAIL][0m
[38;2;184;134;11m         first = fails[0] if fails else {}[0m
[38;2;184;134;11m         return FAIL, f"{len(fails)} regression check(s) red, first: {first.get('check','')} - {first.get('detail','')}"[0m
[38;2;255;255;255;48;2;119;20;20m-    return PASS, f"golden-seed layout hash stable, stairs reachable, no balance violations"[0m
[38;2;255;255;255;48;2;19;87;20m+    return PASS, "golden seeds stable, stairs reachable, no balance violations"[0m
[38;2;184;134;11m [0m
[38;2;184;134;11m [0m
