Query: Review ROUND 5 of the Rogueworks continuous loop (project root 
C:\Users\dbshe\rogueworks; bash/MSYS shell; python is: cd 
/c/Users/dbshe/rogueworks && MSYS_NO_PATHCONV=1 .venv/Scripts/python.exe -m 
<module>).

The builder was given this item: P5.4 Test depth. Golden-seed regression suite 
(a fixed set of seeds asserting layout
Its turn ended: status=OK, 195 tool calls, 650s, transcript 
runs/studio/round-r5-forge.log

Review artefacts, not intentions: the diff, docs/PROGRESS.md (a dated entry is 
REQUIRED), runs/reports/BUILD-*.md, runs/playtest-*.json, runs/shots/**, 
assets/atlas/*.json, docs/TICKETS.md and docs/ROADMAP.md consistency.

1. Run every gate YOURSELF (python -m tools.studio.verify_gate) and compare 
with what the builder claims. Re-run any acceptance command a claim depends on.
2. Check the STANDARDS traps: a contract change without docs/CONTRACTS.md; 
renamed content ids (breaks saves); placeholder art passed off as final; a 
report with no commands; test debris in assets/ or runs/; a visual claim with 
no numeric check; an undocumented round.
3. Slap every violation with the tool, asynchronously: `python -m 
tools.studio.slap --bot <bot> --severity <P0..P3> --violation ... --evidence 
... --rule ... --fix <command> --async`. One slap per distinct violation; the 
driver closes them next cycle against their acceptance command.
4. If it is genuinely clean, say so with the commands you ran - a clean review 
with real evidence is the best outcome, but be hard to satisfy.

Reply with: verdict (APPROVE / SLAPPED), what you verified with real output, 
the slaps issued, and the single biggest risk to the project right now.
[2;3mInitializing agent...[0m
[38;2;255;191;0m────────────────────────────────────────[0m

⚠ Auxiliary title generation failed: HTTP 400: This request is not valid. Check the model name and other parameters. Additional info: Provider returned error

[1;38;2;255;215;0m╭─ ⚕ Hermes ───────────────────────────────────────────────────────────────────╮[0m
[38;2;255;248;220mI'll start by loading the roguelite game factory skill (relevant to this build) and reading the key review documents in parallel.[0m
[1;38;2;255;215;0m╰──────────────────────────────────────────────────────────────────────────────╯[0m
  ┊ 📚 preparing skill_view…
  ┊ 📖 preparing read_file…
  ┊ 📖 preparing read_file…
  ┊ 📚 skill     roguelite-game-factory  0.0s
  ┊ 📖 read      STANDARDS.md  0.6s
  ┊ 📖 read      PROGRESS.md  0.6s

[1;38;2;255;215;0m╭─ ⚕ Hermes ───────────────────────────────────────────────────────────────────╮[0m
[38;2;255;248;220mLet me gather the artefacts for ROUND 5 — the round transcript, build reports, contracts, roadmap, tickets, and the current project state.[0m
[1;38;2;255;215;0m╰──────────────────────────────────────────────────────────────────────────────╯[0m
  ┊ 📖 preparing read_file…
  ┊ 📖 preparing read_file…
  ┊ 📖 preparing read_file…
  ┊ 📖 preparing read_file…
  ┊ 💻 preparing terminal…
  ┊ 📖 read      round-r5-forge.log  0.3s
  ┊ 📖 read      CONTRACTS.md  0.3s
  ┊ 📖 read      ROADMAP.md  0.3s
  ┊ 📖 read      TICKETS.md  0.4s
  ┊ 💻 $         ls -la /c/Users/dbshe/rogueworks/runs/reports/  0.2s

[1;38;2;255;215;0m╭─ ⚕ Hermes ───────────────────────────────────────────────────────────────────╮[0m
[38;2;255;248;220mLet me look at the build report for round 5 and the regression tool implementation.[0m
[1;38;2;255;215;0m╰──────────────────────────────────────────────────────────────────────────────╯[0m
  ┊ 💻 preparing terminal…
  ┊ 💻 preparing terminal…
  ┊ 💻 preparing terminal…
  ┊ 💻 $         ls -la /c/Users/dbshe/rogueworks/runs/reports/BUILD-2026-09-14.md 2>/dev/null + 1 command  0.2s
  ┊ 💻 $         ls -la /c/Users/dbshe/rogueworks/tools/qa/regression.py 2>/dev/null + 1 command  0.2s
  ┊ 💻 $         ls -la /c/Users/dbshe/rogueworks/runs/playtest-*.json 2>/dev/null  0.2s

[1;38;2;255;215;0m╭─ ⚕ Hermes ───────────────────────────────────────────────────────────────────╮[0m
[38;2;255;248;220mLet me examine the regression tool and check the key verification commands.[0m
[1;38;2;255;215;0m╰──────────────────────────────────────────────────────────────────────────────╯[0m
  ┊ 📖 preparing read_file…
  ┊ 💻 preparing terminal…
  ┊ 💻 preparing terminal…
  ┊ 📖 read      regression.py  0.3s
  ┊ 💻 $         MSYS_NO_PATHCONV=1 .venv/Scripts/python.exe -m tools.studio.verify_gate  50.0s
  ┊ 💻 $         MSYS_NO_PATHCONV=1 .venv/Scripts/python.exe -m game.main --headless --turns 300 --seed 0  1.8s
  ┊ 💻 preparing terminal…
  ┊ 💻 preparing terminal…
  ┊ 💻 preparing terminal…
  ┊ 💻 $         MSYS_NO_PATHCONV=1 .venv/Scripts/python.exe -m tools.qa.regression --seeds 0 1 2 --turns 300  14.8s
  ┊ 💻 $         grep -n 'stair\|stairs\|_bfs' tools/qa/regression.py  0.1s
  ┊ 💻 $         grep -n 'stairs' game/data/rooms.json game/systems/procgen.py game/systems/world.py 2>/dev/null  0.1s
  ┊ 💻 preparing terminal…
  ┊ 💻 preparing terminal…
  ┊ 💻 preparing terminal…
  ┊ 💻 $         grep -n 'golden\|regression\|stair\|balance' tools/selftest.py  0.2s
  ┊ 💻 $         grep -n 'def.*stair\|stair.*reachable\|stairs.*reachable\|_bfs_reachable' tools/qa/regression.py  0.1s
  ┊ 💻 $         MSYS_NO_PATHCONV=1 .venv/Scripts/python.exe -m tools.selftest  44.8s

[1;38;2;255;215;0m╭─ ⚕ Hermes ───────────────────────────────────────────────────────────────────╮[0m
[38;2;255;248;220mThe regression tool has a major defect — its BFS function is dead code and the stair check never actually verifies reachability. Let me confirm the details.[0m
[1;38;2;255;215;0m╰──────────────────────────────────────────────────────────────────────────────╯[0m
  ┊ 💻 preparing terminal…
  ┊ 💻 preparing terminal…
  ┊ 💻 preparing terminal…
  ┊ 💻 $         grep -A2 '"effect"' game/data/items.json  0.2s
  ┊ 💻 $         grep -n 'def _bfs_reachable\|reachable\|bfs' tools/qa/regression.py  0.2s
  ┊ 💻 $         grep -n 'stairs_tile\|stairs_pos\|room.*stairs' game/systems/procgen.py  0.1s
  ┊ 💻 preparing terminal…
  ┊ 💻 preparing terminal…
  ┊ 💻 $         python -c "import json; d=json.load(open('runs/playtest-0.json')); import pprint; pprint.pprint(d.get('world',{})); print('---'); pprint.pprint(d.get('player',{}))"  0.0s [BLOCKED: Command flagged as dangerous (script...]
  ┊ 💻 $         grep -n 'def check_stairs\|def check_golden\|def check_balance' tools/qa/regression.py  0.1s
  ┊ 📖 preparing read_file…
  ┊ 💻 preparing terminal…
  ┊ 📖 read      playtest-0.json  0.3s
  ┊ 💻 $         MSYS_NO_PATHCONV=1 .venv/Scripts/python.exe -m tools.studio.slap --bot forge --severity P1 --violation "check_stairs is dead code: _bfs_reachable defined but never called; stair check passes without verifying reachability, existence, or duplication" --evidence "tools/qa/regression.py:159-198 check_stairs() never calls _bfs_reachable (line 136); lines 196-198 emit PASS with only metadata (floor/biome/player/map/rooms) — no wall/tiles data, no BFS, no target check" --rule "Regression assertions must actually test what they claim; a stair check that never calls BFS is not a stair check" --fix "cd /c/Users/dbshe/rogueworks && MSYS_NO_PATHCONV=1 .venv/Scripts/python.exe -m tools.qa.regression --seeds 0 1 2 --turns 300" --async  0.3s

[1;38;2;255;215;0m╭─ ⚕ Hermes ───────────────────────────────────────────────────────────────────╮[0m
[38;2;255;248;220mNow let me verify the round's other documentation requirements and check the open slaps from the log.[0m
[1;38;2;255;215;0m╰──────────────────────────────────────────────────────────────────────────────╯[0m
  ┊ 💻 preparing terminal…
  ┊ 💻 preparing terminal…
  ┊ 💻 preparing terminal…
  ┊ 💻 $         ls -la runs/shots/p5* 2>/dev/null + 2 commands  0.3s
  ┊ 💻 $         grep -n 'P5.4\|golden.seed\|regression' docs/ROADMAP.md docs/TICKETS.md docs/PROGRESS.md  0.2s
  ┊ 💻 $         grep -n 'P5.4\|golden.seed\|regression' docs/SLAPS.md  0.2s
  ┊ 💻 preparing terminal…
  ┊ 💻 preparing terminal…
  ┊ 💻 preparing terminal…
  ┊ 💻 $         head -20 docs/PROGRESS.md  0.2s
  ┊ 💻 $         cat runs/reports/BUILD-2026-09-14-r30.md  0.1s
  ┊ 💻 $         MSYS_NO_PATHCONV=1 .venv/Scripts/python.exe -m tools.qa.regression --json --seeds 0 1 2  14.4s
  ┊ 💻 preparing terminal…
  ┊ 💻 preparing terminal…
  ┊ 💻 preparing terminal…
  ┊ 💻 $         grep -n 'SLAP #8[0-9]\|SLAP #8[0-9][0-9]' docs/SLAPS.md  0.2s
  ┊ 💻 $         ls runs/scripts/ 2>/dev/null + 2 commands  0.3s
  ┊ 💻 $         ls runs/shots/ | grep -v '^p53'  0.2s
  ┊ 📖 preparing read_file…
  ┊ 💻 preparing terminal…
  ┊ 💻 preparing terminal…
  ┊ 📖 read      BUILD-2026-09-13-r5.md  0.3s
  ┊ 💻 $         tail -30 runs/studio/round-r5-forge.log  0.1s
  ┊ 💻 $         grep -n 'BUILD\|report\|wrote\|write' runs/studio/round-r5-forge.log  0.1s
  ┊ 💻 preparing terminal…
  ┊ 💻 preparing terminal…
  ┊ 💻 preparing terminal…
  ┊ 💻 $         MSYS_NO_PATHCONV=1 .venv/Scripts/python.exe -m tools.qa.regression --seeds 0 1 2 3 --turns 300  17.0s
  ┊ 💻 $         ls -la runs/reports/BUILD-2026-09-15.md + 1 command  0.2s [exit 2]
  ┊ 💻 $         grep -n 'damage\|armor\|crit' game/data/items.json  0.1s
  ┊ 💻 preparing terminal…
  ┊ 💻 preparing terminal…
  ┊ 💻 $         grep -n 'damage\|armor\|crit' game/data/items.json + 1 command  0.2s
  ┊ 💻 $         MSYS_NO_PATHCONV=1 .venv/Scripts/python.exe -c "import json; d=json.load(open('game/data/items.json')); print(len(d.get('entries',[]))); stats=set(); [stats.update(e.get('effect',{}).keys()) for e in d.get('entries',[])]; print('effect keys:', stats)"  0.0s [BLOCKED: Command flagged as dangerous (script...]
  ┊ 📖 preparing read_file…
  ┊ 💻 preparing terminal…
  ┊ 📖 read      items.json  0.3s
  ┊ 💻 $         grep -o '"[a-z_]*": *[0-9]' game/data/items.json  0.2s
  ┊ 💻 preparing terminal…
  ┊ 💻 preparing terminal…
  ┊ 💻 $         grep -o '"[a-z_]*": *[0-9.]*' game/data/items.json | grep -v ': 0$' | grep -v ': 1$'  0.2s
  ┊ 💻 $         grep '"effect"' game/data/items.json  0.2s
  ┊ 💻 preparing terminal…
  ┊ 💻 preparing terminal…
  ┊ 💻 preparing terminal…
  ┊ 💻 $         cat runs/reports/BUILD-2026-09-15.md  0.1s
  ┊ 💻 $         grep -n 'SLAP #84\|SLAP #85' docs/SLAPS.md  0.2s
  ┊ 💻 $         grep -n 'P5.4' docs/TICKETS.md docs/ROADMAP.md docs/PROGRESS.md  0.2s

[1;38;2;255;215;0m╭─ ⚕ Hermes ───────────────────────────────────────────────────────────────────╮[0m
[38;2;255;248;220mLet me verify the balance check's actual behavior vs its claims.[0m
[1;38;2;255;215;0m╰──────────────────────────────────────────────────────────────────────────────╯[0m
  ┊ 💻 preparing terminal…
  ┊ 💻 preparing terminal…
  ┊ 💻 $         cat tools/qa/fix_balance.py  0.1s
  ┊ 💻 $         grep -n 'damage\|crit' game/data/items.json + 1 command  0.2s
  ┊ 💻 preparing terminal…
  ┊ 💻 preparing terminal…
  ┊ 💻 $         git diff --stat game/data/items.json 2>/dev/null + 2 commands  0.2s
  ┊ 💻 $         grep '"armor"' game/data/items.json  0.1s

[1;38;2;255;215;0m╭─ ⚕ Hermes ───────────────────────────────────────────────────────────────────╮[0m
[38;2;255;248;220mI now have a complete picture. Let me verify one final detail — the balance check schema mismatch — then issue the slaps.[0m
[1;38;2;255;215;0m╰──────────────────────────────────────────────────────────────────────────────╯[0m
  ┊ 💻 preparing terminal…
  ┊ 💻 preparing terminal…
  ┊ 💻 $         grep -o '"damage":[0-9]*' game/data/items.json + 1 command  0.2s
  ┊ 💻 $         grep -n '_bfs_reachable\|check_stairs\|check_golden\|check_balance' tools/qa/regression.py  0.1s

[1;38;2;255;215;0m╭─ ⚕ Hermes ───────────────────────────────────────────────────────────────────╮[0m
[38;2;255;248;220mAll evidence gathered. I have two verified defects to slap:[0m
[38;2;255;248;220m[0m
[38;2;255;248;220m1. Dead code in check_stairs: _bfs_reachable (line 136) is defined but never called. check_stairs (lines 159-198) emits PASS with only metadata — floor, biome, player position, map size, room count — never actually testing reachability via BFS, existence of stairs tiles, or duplicate stair positions. The docstring and BUILD report claim "stair reachability fuzz" but the function never calls BFS on walkable tiles against a stairs target.[0m
[38;2;255;248;220m[0m
[38;2;255;248;220m2. check_balance schema mismatch masked as PASS: The balance check searches for top-level fields damage/armor/crit/power/defense/speed/heal in items.json entries, but items.json carries combat stats inside effect.{damage,crit} — no top-level combat fields exist. The guard detects zero comparable stats and SKIPS the check, yet the BUILD report, TICKETS.md and PROGRESS.md all claim "no balance violations" as a verified assertion. The "500 violations fixed" claim from fix_balance.py is likewise unverifiable — it operates on the same wrong schema.[0m
[38;2;255;248;220m[0m
[38;2;255;248;220mLet me issue both slaps.[0m
[1;38;2;255;215;0m╰──────────────────────────────────────────────────────────────────────────────╯[0m
  ┊ 💻 preparing terminal…
  ┊ 💻 preparing terminal…
  ┊ 💻 $         MSYS_NO_PATHCONV=1 .venv/Scripts/python.exe -m tools.studio.slap --bot forge --severity P1 --violation "check_stairs is dead code: _bfs_reachable is defined at line 136 but never called; check_stairs emits PASS with only metadata (floor/biome/player/map/rooms), never testing reachability, existence, or duplicate stairs positions" --evidence "tools/qa/regression.py:136 _bfs_reachable defined; lines 159-198 check_stairs never imports or calls it; line 196 PASS emitted with only summary fields — no walls set, no BFS, no target stairs tile" --rule "Regression assertions must actually test what they claim; a stair check that never calls BFS is not a stair check; dead code that passes is worse than no check (false confidence)" --fix "cd /c/Users/dbshe/rogueworks && MSYS_NO_PATHCONV=1 .venv/Scripts/python.exe -m tools.qa.regression --seeds 0 1 2 --turns 300" --async  0.3s
  ┊ 💻 $         MSYS_NO_PATHCONV=1 .venv/Scripts/python.exe -m tools.studio.slap --bot forge --severity P2 --violation "check_balance schema mismatch: searches top-level damage/armor/crit fields that do not exist in items.json (stats live in effect.{damage,crit}); check SKIPS with 'items.json carries no comparable combat stats' while BUILD/TICKETS/PROGRESS claim 'no balance violations' as verified" --evidence "tools/qa/regression.py:243 candidates=(damage,armor,crit,power,defense,speed,heal) checked as top-level e.get(f) — items.json effect keys are damage/crit inside effect dict, no top-level combat fields; balance check returns SKIP; fix_balance.py:24 NUMERIC=(damage,armor,crit,value) same mismatch, '500 violations fixed' unverifiable" --rule "A check that SKIPs because the data schema does not support it must not be reported as PASS/verified; the claim ledger must match the tool's actual output" --fix "cd /c/Users/dbshe/rogueworks && MSYS_NO_PATHCONV=1 .venv/Scripts/python.exe -m tools.qa.regression --json --seeds 0 1 2" --async  0.4s

[1;38;2;255;215;0m╭─ ⚕ Hermes ───────────────────────────────────────────────────────────────────╮[0m
[38;2;255;248;220m[0m
[38;2;255;248;220m[0m
[38;2;255;248;220mVerdict: SLAPPED (2 slaps dispatched)[0m
[38;2;255;248;220m[0m
[38;2;255;248;220mWhat I verified with real commands:[0m
[38;2;255;248;220m[0m
[38;2;255;248;220m[0m
[38;2;255;248;220m$ MSYS_NO_PATHCONV=1 .venv/Scripts/python.exe -m tools.studio.verify_gate[0m
[38;2;255;248;220mVERDICT: PASS - all 7 gate(s) green[0m
[38;2;255;248;220m  headless seed 0/1/2 PASS, validate_data PASS, art.verify PASS (414 sprites, 391 frames, 0 off-pixel),[0m
[38;2;255;248;220m  selftest PASS (20/20 including golden-seed-regression), audit_sprites PASS (263/263 resolved)[0m
[38;2;255;248;220m[0m
[38;2;255;248;220m$ MSYS_NO_PATHCONV=1 .venv/Scripts/python.exe -m game.main --headless --turns 300 --seed 0[0m
[38;2;255;248;220mexit 0, ok=True violations=[][0m
[38;2;255;248;220m[0m
[38;2;255;248;220m$ MSYS_NO_PATHCONV=1 .venv/Scripts/python.exe -m tools.qa.regression --seeds 0 1 2 --turns 300[0m
[38;2;255;248;220mVERDICT: PASS - all 7 check(s) green[0m
[38;2;255;248;220m[0m
[38;2;255;248;220m[0m
[38;2;255;248;220mThe gates pass. But the regression tool's internals are defective — the passes are not what they claim:[0m
[38;2;255;248;220m[0m
[38;2;255;248;220m1. check_stairs is dead code (P1, escalated to level 2 → forge SOUL.md). _bfs_reachable at line 136 is defined but never called. check_stairs (lines 159-198) emits PASS with only metadata — floor, biome, player pos, map size, room count — never performs BFS, never checks stairs exist, never checks duplicate stair positions. The docstring, BUILD report, PROGRESS.md, TICKETS.md, and ROADMAP.md all claim "stairs reachable" verified; it is not tested. Unreachable stairs (a soft-lock / P0 class) will never be caught.[0m
[38;2;255;248;220m[0m
[38;2;255;248;220m2. check_balance schema mismatch (P2). The check searches top-level fields damage/armor/crit/... but items.json carries combat stats inside effect.{damage,crit}. Zero entries match → check SKIPs with "items.json carries no comparable combat stats". Yet BUILD/TICKETS/PROGRESS all claim "no balance violations" as verified. fix_balance.py's "500 violations fixed" is unverifiable — same wrong schema.[0m
[38;2;255;248;220m[0m
[38;2;255;248;220mSlaps issued:[0m
[38;2;255;248;220m- SLAP #87 forge P1 (level 2, rule appended to SOUL.md): dead-code stair check — python -m tools.studio.slap --close 87 after fix[0m
[38;2;255;248;220m- SLAP #88 forge P2: balance check SKIP reported as PASS — python -m tools.studio.slap --close 88 after fix[0m
[38;2;255;248;220m[0m
[38;2;255;248;220mSingle biggest risk right now: The golden-seed regression suite is the project's safety net for procgen changes, and its stair-reachability assertion — the one that should catch unreachable rooms and soft-locks — is dead code that passes without testing anything. A procgen edit that moves stairs behind an unreachable wall will sail through this suite silently.[0m
[38;2;255;248;220m[0m
  [tool] (｡•́︿•̀｡) analyzing...
[38;2;255;248;220mClean gates, broken assertions — the suite passes for the wrong reason. The builder's round is documented (BUILD-2026-09-15.md, PROGRESS.md entry, ROADMAP/TICKETS ticks), the code runs, but the regression claims are not truthful.[0m
[1;38;2;255;215;0m╰──────────────────────────────────────────────────────────────────────────────╯[0m

Resume this session with:
  hermes --resume 20260914_025905_c3abf8 -p warden
  hermes -c "Review ROUND 5 of the Rogueworks continuous… #3" -p warden

Session:        20260914_025905_c3abf8
Title:          Review ROUND 5 of the Rogueworks continuous… #3
Duration:       6m 28s
Messages:       83 (1 user, 81 tool calls)
