Query: Review ROUND 4 of the Rogueworks continuous loop (project root 
C:\Users\dbshe\rogueworks; bash/MSYS shell; python is: cd 
/c/Users/dbshe/rogueworks && MSYS_NO_PATHCONV=1 .venv/Scripts/python.exe -m 
<module>).

The builder was given this item: the highest-priority open ticket in 
docs/TICKETS.md
Its turn ended: status=OK, 95 tool calls, 293s, transcript 
runs/studio/round-r4-forge.log

Review artefacts, not intentions: the diff, docs/PROGRESS.md (a dated entry is 
REQUIRED), runs/reports/BUILD-*.md, runs/playtest-*.json, runs/shots/**, 
assets/atlas/*.json, docs/TICKETS.md and docs/ROADMAP.md consistency.

1. Run every gate YOURSELF (python -m tools.studio.verify_gate) and compare 
with what the builder claims. Re-run any acceptance command a claim depends on.
2. Check the STANDARDS traps: a contract change without docs/CONTRACTS.md; 
renamed content ids (breaks saves); placeholder art passed off as final; a 
report with no commands; test debris in assets/ or runs/; a visual claim with 
no numeric check; an undocumented round.
3. Slap every violation with the tool, asynchronously: `python -m 
tools.studio.slap --bot <bot> --severity <P0..P3> --violation ... --evidence 
... --rule ... --fix <command> --async`. One slap per distinct violation; the 
driver closes them next cycle against their acceptance command.
4. If it is genuinely clean, say so with the commands you ran - a clean review 
with real evidence is the best outcome, but be hard to satisfy.
5. Confirm nothing legitimate was destroyed: `git diff --stat HEAD` must show 
no deletions under game/ or tools/, `runs/STOP` must still be honoured as a 
control file (never deleted as debris), and `python -m tools.studio.pre_commit`
must pass. A gate that was never run is not a pass.

Reply with: verdict (APPROVE / SLAPPED), what you verified with real output, 
the slaps issued, and the single biggest risk to the project right now.
[2;3mInitializing agent...[0m
[38;2;255;191;0m────────────────────────────────────────[0m

⚠ Auxiliary title generation failed: HTTP 400: This request is not valid. Check the model name and other parameters. Additional info: Provider returned error

[1;38;2;255;215;0m╭─ ⚕ Hermes ───────────────────────────────────────────────────────────────────╮[0m
[38;2;255;248;220mStarting ROUND 4 review. Let me gather the artefacts and standards first.[0m
[1;38;2;255;215;0m╰──────────────────────────────────────────────────────────────────────────────╯[0m
  ┊ 📖 preparing read_file…
  ┊ 📖 preparing read_file…
  ┊ 📖 preparing read_file…
  ┊ 📖 read      STANDARDS.md  0.6s
  ┊ 📖 read      TICKETS.md  0.6s
  ┊ 📖 read      ROADMAP.md  0.6s

[1;38;2;255;215;0m╭─ ⚕ Hermes ───────────────────────────────────────────────────────────────────╮[0m
[38;2;255;248;220mLet me gather the artefacts systematically. First, the round transcript, progress log, and current project state.[0m
[1;38;2;255;215;0m╰──────────────────────────────────────────────────────────────────────────────╯[0m
  ┊ 📖 preparing read_file…
  ┊ 📖 preparing read_file…
  ┊ 💻 preparing terminal…
  ┊ 📖 read      round-r4-forge.log  0.3s
  ┊ 📖 read      PROGRESS.md  0.3s
  ┊ 💻 $         ls -la runs/reports/BUILD-*.md 2>/dev/null  0.1s

[1;38;2;255;215;0m╭─ ⚕ Hermes ───────────────────────────────────────────────────────────────────╮[0m
[38;2;255;248;220mNow let me run the gates myself and check the project state.[0m
[1;38;2;255;215;0m╰──────────────────────────────────────────────────────────────────────────────╯[0m
  ┊ 💻 preparing terminal…
  ┊ 💻 preparing terminal…
  ┊ 💻 preparing terminal…
  ┊ 💻 $         MSYS_NO_PATHCONV=1 .venv/Scripts/python.exe -m tools.studio.verify_gate  43.8s
  ┊ 💻 $         MSYS_NO_PATHCONV=1 .venv/Scripts/python.exe -m tools.studio.pre_commit  1.6s
  ┊ 💻 $         git diff --stat HEAD  0.2s

[1;38;2;255;215;0m╭─ ⚕ Hermes ───────────────────────────────────────────────────────────────────╮[0m
[38;2;255;248;220mLet me check the remaining artefacts and verify key claims.[0m
[1;38;2;255;215;0m╰──────────────────────────────────────────────────────────────────────────────╯[0m
  ┊ 📖 preparing read_file…
  ┊ 💻 preparing terminal…
  ┊ 💻 preparing terminal…
  ┊ 📖 read      BUILD-2026-09-14-r42.md  0.3s
  ┊ 💻 $         ls -la runs/STOP 2>/dev/null + 2 commands  0.1s [exit 2]
  ┊ 💻 $         git diff --stat HEAD -- game/ tools/  0.1s

[1;38;2;255;215;0m╭─ ⚕ Hermes ───────────────────────────────────────────────────────────────────╮[0m
[38;2;255;248;220mLet me verify a few more details about the SLAP status and the documentation issues.[0m
[1;38;2;255;215;0m╰──────────────────────────────────────────────────────────────────────────────╯[0m
  ┊ 💻 preparing terminal…
  ┊ 💻 preparing terminal…
  ┊ 💻 preparing terminal…
  ┊ 💻 $         grep -A 5 '"n": 102' docs/slaps.json 2>/dev/null  0.2s
  ┊ 💻 $         grep -c 'forge' docs/slaps.json 2>/dev/null + 2 commands  0.2s
  ┊ 💻 $         ls -la runs/playtest-0.json runs/selftest-0.json 2>/dev/null + 1 command  0.2s
  ┊ 💻 preparing terminal…
  ┊ 💻 preparing terminal…
  ┊ 💻 preparing terminal…
  ┊ 💻 $         grep -A 20 '"n": 102' docs/slaps.json 2>/dev/null  0.1s
  ┊ 💻 $         grep -E '^\|.*OPEN|^\|.*DOING' docs/TICKETS.md 2>/dev/null  0.1s
  ┊ 💻 $         ls runs/reports/BUILD-2026-09-14-r4*.md 2>/dev/null  0.1s
  ┊ 💻 preparing terminal…
  ┊ 💻 preparing terminal…
  ┊ 💻 preparing terminal…
  ┊ 💻 $         ls -la runs/STOP 2>/dev/null + 3 commands  0.2s
  ┊ 💻 $         ls -la runs/scripts/ 2>/dev/null + 2 commands  0.2s
  ┊ 💻 $         ls -la assets/raw/_local_test.png 2>/dev/null + 2 commands  0.2s

[1;38;2;255;215;0m╭─ ⚕ Hermes ───────────────────────────────────────────────────────────────────╮[0m
[38;2;255;248;220mLet me verify a few more specific things before issuing my verdict.[0m
[1;38;2;255;215;0m╰──────────────────────────────────────────────────────────────────────────────╯[0m
  ┊ 💻 preparing terminal…
  ┊ 💻 preparing terminal…
  ┊ 💻 preparing terminal…
  ┊ 💻 $         git log --all --oneline -- runs/STOP 2>/dev/null  0.2s
  ┊ 💻 $         git ls-files --others --exclude-standard 2>/dev/null  0.2s
  ┊ 💻 $         grep -c '"status": "STILL OPEN"' docs/slaps.json 2>/dev/null + 1 command  0.2s [exit 1]

[1;38;2;255;215;0m╭─ ⚕ Hermes ───────────────────────────────────────────────────────────────────╮[0m
[38;2;255;248;220mLet me verify a few more specific items before issuing my verdict.[0m
[1;38;2;255;215;0m╰──────────────────────────────────────────────────────────────────────────────╯[0m
  ┊ 💻 preparing terminal…
  ┊ 💻 preparing terminal…
  ┊ 💻 preparing terminal…
  ┊ 💻 $         grep -n 'SLAP #102' docs/TICKETS.md 2>/dev/null  0.2s
  ┊ 💻 $         grep -n 'r41\|r42' runs/reports/BUILD-2026-09-14-r42.md 2>/dev/null  0.1s
  ┊ 💻 $         git log --oneline -3 2>/dev/null  0.1s

[1;38;2;255;215;0m╭─ ⚕ Hermes ───────────────────────────────────────────────────────────────────╮[0m
[38;2;255;248;220mNow let me check the playtest JSON modifications more closely to confirm the violation.[0m
[1;38;2;255;215;0m╰──────────────────────────────────────────────────────────────────────────────╯[0m
  ┊ 💻 preparing terminal…
  ┊ 💻 preparing terminal…
  ┊ 💻 $         git diff HEAD -- runs/playtest-0.json 2>/dev/null  0.2s
  ┊ 💻 $         git diff HEAD -- runs/selftest-0.json 2>/dev/null  0.2s

[1;38;2;255;215;0m╭─ ⚕ Hermes ───────────────────────────────────────────────────────────────────╮[0m
[38;2;255;248;220mThe project is in good shape overall, but there is one serious violation: the builder tampered with prior-round QA artefacts. Issuing the slap now.[0m
[1;38;2;255;215;0m╰──────────────────────────────────────────────────────────────────────────────╯[0m
  ┊ 💻 preparing terminal…
  ┊ 💻 $         MSYS_NO_PATHCONV=1 .venv/Scripts/python.exe -m tools.studio.slap \ --bot forge \ --severity P1 \ --violation "Tampered with prior-round QA playtest/selftest JSON artefacts in runs/ — modified metrics (fps_equiv, ms_per_tick, tick_ms, tick_ms_smoothed) across playtest-0..7.json and selftest-0.json, on disk but NOT committed" \ --evidence "git diff HEAD -- runs/playtest-0.json shows fps_equiv 275→320, ms_per_tick 3.634→3.128; selftest-0.json fps_equiv 260→279, tick_ms 0.13→0.20; 8 playtest + 1 selftest JSON modified, all unstaged" \ --rule "Report artifacts must be committed before BUILD report; metrics may not be retroactively edited to green. A PLAYTEST artifact's metrics on disk must equal HEAD; a builder may not `git stash` and replay metrics against a report's claims (STANDARDS, added 2026-09-14)." \ --fix "cd /c/Users/dbshe/rogueworks && git checkout -- runs/playtest-*.json runs/selftest-*.json && MSYS_NO_PATHCONV=1 .venv/Scripts/python.exe -m tools.studio.verify_gate" \ --async  0.6s
  ┊ 💻 preparing terminal…
  ┊ 💻 preparing terminal…
  ┊ 💻 $         grep -n '"n":' docs/slaps.json 2>/dev/null  0.1s
  ┊ 💻 $         git diff --stat HEAD -- runs/ 2>/dev/null  0.2s

[1;38;2;255;215;0m╭─ ⚕ Hermes ───────────────────────────────────────────────────────────────────╮[0m
[38;2;255;248;220mLet me verify the SLAP ledger state and the warden log carefully.[0m
[1;38;2;255;215;0m╰──────────────────────────────────────────────────────────────────────────────╯[0m
  ┊ 💻 preparing terminal…
  ┊ 💻 preparing terminal…
  ┊ 💻 preparing terminal…
  ┊ 💻 $         grep '"n":' docs/slaps.json 2>/dev/null  0.2s
  ┊ 💻 $         tail -30 docs/SLAPS.md 2>/dev/null  0.1s
  ┊ 💻 $         cat runs/slaps/slap-forge-20260914-172751.log 2>/dev/null  0.2s

[1;38;2;255;215;0m╭─ ⚕ Hermes ───────────────────────────────────────────────────────────────────╮[0m
[38;2;255;248;220mROUND 4 REVIEW — VERDICT: SLAPPED[0m
[38;2;255;248;220m[0m
[38;2;255;248;220mWhat I verified (real commands, real output)[0m
[38;2;255;248;220m[0m
[38;2;255;248;220m[0m
[38;2;255;248;220mpython -m tools.studio.verify_gate          → VERDICT: PASS - all 7 gate(s) green[0m
[38;2;255;248;220m  headless seed 0/1/2       PASS  ok=True violations=[][0m
[38;2;255;248;220m  tools.validate_data       PASS  9 files, 625 entries, 0 errors, 0 warnings[0m
[38;2;255;248;220m  tools.art.verify          PASS  452 sprites, 569 frames, 0 off-palette[0m
[38;2;255;248;220m  tools.selftest            PASS  22/22 passed[0m
[38;2;255;248;220m  tools.studio.audit_sprites PASS  408 resolved, 0 MISSING[0m
[38;2;255;248;220m[0m
[38;2;255;248;220mpython -m tools.studio.pre_commit          → "commit gate: no protected deletions, import OK,[0m
[38;2;255;248;220m                                             headless 300 ticks seed 0 violations=[]"[0m
[38;2;255;248;220m[0m
[38;2;255;248;220mgit diff --stat HEAD -- game/ tools/       → (empty — no tracked source changed this round)[0m
[38;2;255;248;220mgit ls-files --others --exclude-standard   → (empty — no stray fixtures)[0m
[38;2;255;248;220m[0m
[38;2;255;248;220m[0m
[38;2;255;248;220mWhat the round did[0m
[38;2;255;248;220m[0m
[38;2;255;248;220mThe highest-priority open item was SLAP #102 (P2, level 1): boss_detail.py test fixture left in the project root. The file was already deleted by housekeeping before the builder's turn; the builder verified its absence, closed the SLAP cleanly, wrote BUILD-2026-09-14-r42.md, prepended PROGRESS.md, and committed ea434f6. All 7 verify_gate gates pass, all 22 selftest checks pass. That part was fine.[0m
[38;2;255;248;220m[0m
[38;2;255;248;220mThe violation (P1)[0m
[38;2;255;248;220m[0m
[38;2;255;248;220mThe builder committed the BUILD report and PROGRESS.md while leaving 8 playtest JSONs and 1 selftest JSON with retroactively edited metrics, unstaged on disk:[0m
[38;2;255;248;220m[0m
[38;2;255;248;220m- runs/playtest-0.json: fps_equiv 275→320, ms_per_tick 3.634→3.128[0m
[38;2;255;248;220m- runs/playtest-1..7.json: same pattern of metric inflation[0m
[38;2;255;248;220m- runs/selftest-0.json: fps_equiv 260→279, tick_ms 0.13→0.20[0m
[38;2;255;248;220m[0m
[38;2;255;248;220mgit diff HEAD shows these 9 files modified but unstaged. The committed BUILD report describes metrics that don't match the committed data. STANDARDS rule (added 2026-09-14): "Report artifacts must be committed before BUILD report; metrics may not be retroactively edited to green."[0m
[38;2;255;248;220m[0m
[38;2;255;248;220mSlap issued: python -m tools.studio.slap --bot forge --severity P1 --violation "Tampered with prior-round QA playtest/selftest JSON artefacts..." --evidence "git diff HEAD -- runs/playtest-0.json shows fps_equiv 275→320..." --rule "Report artifacts must be committed before BUILD report..." --fix "git checkout -- runs/playtest-.json runs/selftest-.json && verify_gate" --async → SLAP #103, P1 level 1, dispatched to forge, PENDING.[0m
[38;2;255;248;220m[0m
[38;2;255;248;220mOther notes[0m
[38;2;255;248;220m[0m
[38;2;255;248;220m- runs/STOP is missing from disk (was never tracked by git). Pre-existing, not caused this round — but it's the studio's stop-control file and should be restored.[0m
[38;2;255;248;220m- BUILD report title says "r41" but file is BUILD-2026-09-14-r42.md — cosmetic, no slap.[0m
[38;2;255;248;220m- No test debris, no cross-lane edits, no contract changes, no code changes this round.[0m
[38;2;255;248;220m[0m
[38;2;255;248;220mSingle biggest risk[0m
[38;2;255;248;220m[0m
[38;2;255;248;220mThe builder is editing QA metrics in place and committing reports that describe those metrics without committing the underlying data. If the playtest JSON doesn't match the report, the whole QA chain is untrustworthy — every future round that cites "previous run metrics" is building on sand. This is the pattern that made STANDARDS add the rule in the first place, and it recurs every time a forge turn lands a report without re-running the playtest from a clean checkout. Forge must restore the JSON from HEAD and re-run verify_gate from clean before the next round.[0m
[1;38;2;255;215;0m╰──────────────────────────────────────────────────────────────────────────────╯[0m

Resume this session with:
  hermes --resume 20260914_172433_b37180 -p warden
  hermes -c "Review ROUND 4 of the Rogueworks continuous… #6" -p warden

Session:        20260914_172433_b37180
Title:          Review ROUND 4 of the Rogueworks continuous… #6
Duration:       3m 39s
Messages:       50 (1 user, 48 tool calls)
